building_id, mean_temp, std_temp, pct_above_18, pct_below_15
156, 14.184890250493744, 6.950239792342222, 34.75495076889036, 55.07430762990006
1573, 9.67357813829537, 6.163817810217671, 15.147514411576319, 80.06562005725415

------------------------------------------------------------
Sender: LSF System <lsfadmin@hpc.dtu.dk>
Subject: Job 28031847: <sleeper> in cluster <dcc> Done

Job <sleeper> was submitted from host <n-62-30-1> by user <s243894> in cluster <dcc> at Thu Mar 12 13:52:22 2026
Job was executed on host(s) <n-62-11-60>, in queue <hpc>, as user <s243894> in cluster <dcc> at Thu Mar 12 13:52:22 2026
</zhome/cf/4/214758> was used as the home directory.
</zhome/cf/4/214758/python_study/mini_project> was used as the working directory.
Started at Thu Mar 12 13:52:22 2026
Terminated at Thu Mar 12 13:53:05 2026
Results reported at Thu Mar 12 13:53:05 2026

Your job looked like:

------------------------------------------------------------
# LSBATCH: User input
#!/bin/bash
#BSUB -J sleeper
#BSUB -q hpc
#BSUB -W 2
#BSUB -R "rusage[mem=5GB]"
#BSUB -R "select[model==XeonGold6226R]"
#BSUB -n 1
#BSUB -o required_logs/sleeper_%J.out
#BSUB -e sleeper_%J.err
python3 src/improved_script.py 156 1573

------------------------------------------------------------

Successfully completed.

Resource usage summary:

    CPU time :                                   42.25 sec.
    Max Memory :                                 35 MB
    Average Memory :                             23.33 MB
    Total Requested Memory :                     5120.00 MB
    Delta Memory :                               5085.00 MB
    Max Swap :                                   -
    Max Processes :                              4
    Max Threads :                                5
    Run time :                                   76 sec.
    Turnaround time :                            43 sec.

The output (if any) is above this job summary.



PS:

Read file <sleeper_28031847.err> for stderr output of this job.

