	Command being timed: "python3 src/parallel_map_static.py 10 10"
	User time (seconds): 146.02
	System time (seconds): 0.43
	Percent of CPU this job got: 600%
	Elapsed (wall clock) time (h:mm:ss or m:ss): 0:24.39
	Average shared text size (kbytes): 0
	Average unshared data size (kbytes): 0
	Average stack size (kbytes): 0
	Average total size (kbytes): 0
	Maximum resident set size (kbytes): 92520
	Average resident set size (kbytes): 0
	Major (requiring I/O) page faults: 314
	Minor (reclaiming a frame) page faults: 65238
	Voluntary context switches: 2256
	Involuntary context switches: 588
	Swaps: 0
	File system inputs: 112096
	File system outputs: 8
	Socket messages sent: 0
	Socket messages received: 0
	Signals delivered: 0
	Page size (bytes): 4096
	Exit status: 0
