	Command being timed: "python3 src/parallel_imap_dynamic.py 10 10"
	User time (seconds): 140.43
	System time (seconds): 0.40
	Percent of CPU this job got: 579%
	Elapsed (wall clock) time (h:mm:ss or m:ss): 0:24.31
	Average shared text size (kbytes): 0
	Average unshared data size (kbytes): 0
	Average stack size (kbytes): 0
	Average total size (kbytes): 0
	Maximum resident set size (kbytes): 90168
	Average resident set size (kbytes): 0
	Major (requiring I/O) page faults: 319
	Minor (reclaiming a frame) page faults: 64107
	Voluntary context switches: 2455
	Involuntary context switches: 386
	Swaps: 0
	File system inputs: 111744
	File system outputs: 8
	Socket messages sent: 0
	Socket messages received: 0
	Signals delivered: 0
	Page size (bytes): 4096
	Exit status: 0
