No GPU on this node, CUDA module not loaded
building_id, mean_temp, std_temp, pct_above_18, pct_below_15
10000, 14.01233878811275, 6.367431059312565, 30.941014791508444, 55.542295034537624
10009, 11.000135812436373, 5.811144379826625, 16.6712734948236, 74.9723590310584
10014, 14.744169941950119, 7.037733284673848, 38.26367541377415, 52.80837116508215
10019, 14.735524480624482, 7.030325006703675, 38.14915412864569, 52.92926826787113
10029, 10.616037322820358, 6.317331938274926, 18.25563221896085, 74.51301795448481
10031, 12.507072852890545, 6.278432089100354, 24.044722033998173, 66.39513301711693
10051, 13.289039951277402, 5.999085063388632, 25.97693550756574, 62.859923608050536
10053, 11.366493551285709, 6.26121798185875, 19.9510754583921, 72.41052538787024
10056, 14.220114507861702, 6.179461157398302, 31.763454814173965, 57.06174975667784
10064, 12.71696893739585, 6.964227784263683, 28.79137124461432, 62.75688345539249

------------------------------------------------------------
Sender: LSF System <lsfadmin@hpc.dtu.dk>
Subject: Job 28198011: <parallel_imap_dynamic> in cluster <dcc> Done

Job <parallel_imap_dynamic> was submitted from host <n-62-9-40> by user <s243894> in cluster <dcc> at Mon Apr 13 16:49:50 2026
Job was executed on host(s) <10*n-62-12-7>, in queue <hpc>, as user <s243894> in cluster <dcc> at Mon Apr 13 16:55:13 2026
</zhome/cf/4/214758> was used as the home directory.
</zhome/cf/4/214758/python_study/mini_hpc> was used as the working directory.
Started at Mon Apr 13 16:55:13 2026
Terminated at Mon Apr 13 16:55:39 2026
Results reported at Mon Apr 13 16:55:39 2026

Your job looked like:

------------------------------------------------------------
# LSBATCH: User input
#!/bin/bash
#BSUB -J parallel_imap_dynamic
#BSUB -q hpc
#BSUB -W 2
#BSUB -R "rusage[mem=1GB]"
#BSUB -R "select[model==XeonGold6226R]"
#BSUB -n 10
#BSUB -o required_logs/T6/parallel_imap_dynamic_%J.out
#BSUB -e required_logs/T6/parallel_imap_dynamic_%J.err
source /dtu/projects/02613_2025/conda/conda_init.sh
conda activate 02613_2026
/usr/bin/time -v -o required_logs/T6/parallel_imap_dynamic.log python3 src/parallel_imap_dynamic.py 10 10

------------------------------------------------------------

Successfully completed.

Resource usage summary:

    CPU time :                                   142.60 sec.
    Max Memory :                                 158 MB
    Average Memory :                             158.00 MB
    Total Requested Memory :                     10240.00 MB
    Delta Memory :                               10082.00 MB
    Max Swap :                                   -
    Max Processes :                              15
    Max Threads :                                19
    Run time :                                   26 sec.
    Turnaround time :                            349 sec.

The output (if any) is above this job summary.



PS:

Read file <required_logs/T6/parallel_imap_dynamic_28198011.err> for stderr output of this job.

